// Jest Snapshot v1, https://goo.gl/fbAQLP

exports[`Take a snaphot, and compared it, to see if they are equal 1`] = `
<div
  className="App"
>
  <div
    className="container"
  >
    <nav
      className="navBar"
    >
      <div
        className="header"
      >
        <a
          active="true"
          href="/"
          onClick={[Function]}
          onKeyDown={[Function]}
        >
          <img
            alt="return"
            className="arrow-left"
            src="next.svg"
          />
        </a>
        <h6
          className="header-title"
        >
          FakeShop
        </h6>
        <img
          alt="mic"
          className="mic"
          src="microphone.svg"
        />
        <img
          alt="settings"
          className="settings"
          src="settings.svg"
        />
      </div>
    </nav>
    <div
      className="Displayer"
    >
      <div
        className="display-b img filtered"
      >
        <img
          alt="displayer"
          src="s.svg"
        />
      </div>
      <div
        className="display-b text"
      >
        <h1>
          FakeShop
        </h1>
        <p>
          0
           
          Results
        </p>
      </div>
    </div>
    <div
      className="Separator"
    >
      <div
        className="inside"
      >
        <h6
          className="header-title separator-title"
        >
          Categorys
        </h6>
      </div>
    </div>
    <div
      className="Categorys"
    >
       
    </div>
  </div>
</div>
`;
